Microchip MPLAB XC8 Compiler V2.35

Linker command line:

-W-3 --edf=C:\Program Files\Microchip\xc8\v2.35\pic\dat\en_msgs.txt -cn \
  -h+dist/default/production\Lab10.X.production.sym \
  --cmf=dist/default/production\Lab10.X.production.cmf -z -Q16F887 \
  -oC:\Users\THEJ0S~1\AppData\Local\Temp\xcAscuk.4 --defsym=__MPLAB_BUILD=1 \
  -Mdist/default/production/Lab10.X.production.map \
  --md=C:\Users\THEJ0S~1\AppData\Local\Temp\xcAscuk.dat -E1 \
  -ver=XC8 Compiler --acfsm=1493 -ACODE=00h-07FFhx4 -ASTRCODE=00h-01FFFh \
  -ASTRING=00h-0FFhx32 -ACONST=00h-0FFhx32 -AENTRY=00h-0FFhx32 \
  -ACOMMON=070h-07Fh -ABANK0=020h-06Fh -ABANK1=0A0h-0EFh \
  -ABANK2=0110h-016Fh -ABANK3=0190h-01EFh \
  -ARAM=020h-06Fh,0A0h-0EFh,0110h-016Fh,0190h-01EFh \
  -AABS1=020h-07Fh,0A0h-0EFh,0110h-016Fh,0190h-01EFh -ASFR0=00h-01Fh \
  -ASFR1=080h-09Fh -ASFR2=0100h-010Fh -ASFR3=0180h-018Fh \
  -ACONFIG=02007h-02008h -DCONFIG=2 -AIDLOC=02000h-02003h -DIDLOC=2 \
  -AEEDATA=00h-0FFh/02100h -peeprom_data=EEDATA -DEEDATA=2 -DCODE=2 \
  -DSTRCODE=2 -DSTRING=2 -DCONST=2 -DENTRY=2 \
  -preset_vec=00h,intentry=04h,init,end_init -ppowerup=CODE -pcinit=CODE \
  -pfunctab=ENTRY -k C:\Users\THEJ0S~1\AppData\Local\Temp\xcAscuk.o \
  dist/default/production\Lab10.X.production.o 

Object code version is 3.11

Machine type is 16F887



                Name                               Link     Load   Length Selector   Space Scale
C:\Users\THEJ0S~1\AppData\Local\Temp\xcAscuk.o
                end_init                              C        C        3        8       0
                reset_vec                             0        0        3        0       0
                config                             2007     2007        2        0       4
                idloc                              2000     2000        4        0       5
dist/default/production\Lab10.X.production.o
                cinit                                 F        F        B        8       0
                intentry                              4        4        8        8       0
                config                             2007     2007        2        0       4
                idloc                              2000     2000        4        0       5
                text8                               433      433       23      3F0       0
                text7                               40D      40D       26      3F0       0
                text6                               456      456        C      3F0       0
                text5                               326      326       44      3F0       0
                text4                               3AD      3AD       3A      3F0       0
                text3                               2B4      2B4       72      3F0       0
                text2                               3E7      3E7       26      3F0       0
                text1                               36A      36A       43      3F0       0
                maintext                            1F8      1F8       BC      3F0       0
                cstackBANK0                          20       20       11       20       1
                cstackCOMMON                         70       70        B       70       1
                bssBANK0                             31       31        5       20       1
                stringtext                          100      100       F8        2       0
                strings                              1A       1A       12       34       0

TOTAL           Name                               Link     Load   Length     Space
        CLASS   CODE           
                end_init                              C        C        3         0
                cinit                                 F        F        B         0
                intentry                              4        4        8         0
                reset_vec                             0        0        3         0
                text8                               433      433       23         0
                text7                               40D      40D       26         0
                text6                               456      456        C         0
                text5                               326      326       44         0
                text4                               3AD      3AD       3A         0
                text3                               2B4      2B4       72         0
                text2                               3E7      3E7       26         0
                text1                               36A      36A       43         0
                maintext                            1F8      1F8       BC         0

        CLASS   STRCODE        
                stringtext                          100      100       F8         0

        CLASS   STRING         
                strings                              1A       1A       12         0

        CLASS   CONST          

        CLASS   ENTRY          

        CLASS   COMMON         
                cstackCOMMON                         70       70        B         1

        CLASS   BANK0          
                cstackBANK0                          20       20       11         1
                bssBANK0                             31       31        5         1

        CLASS   BANK1          

        CLASS   BANK2          

        CLASS   BANK3          

        CLASS   RAM            

        CLASS   ABS1           
                abs_s1                               7E       7E        2         1

        CLASS   SFR0           

        CLASS   SFR1           

        CLASS   SFR2           

        CLASS   SFR3           

        CLASS   CONFIG         
                config                             2007     2007        2         4

        CLASS   IDLOC          
                idloc                              2000     2000        4         5

        CLASS   EEDATA         

        CLASS   STACK          



SEGMENTS        Name                           Load    Length   Top    Selector   Space  Class     Delta

                reset_vec                      000000  000003  000003         0       0  CODE        2
                intentry                       000004  000016  00001A         8       0  CODE        2
                cstackBANK0                    000020  000016  000036        20       1  BANK0       1
                strings                        00001A  000012  00002C        34       0  STRING      2
                cstackCOMMON                   000070  00000B  00007B        70       1  COMMON      1
                stringtext                     000100  0000F8  0001F8         2       0  STRCODE     2
                maintext                       0001F8  00026A  000462       3F0       0  CODE        2


UNUSED ADDRESS RANGES

        Name                Unused          Largest block    Delta
        BANK0            0036-006F             3A           1
        BANK1            00A0-00EF             50           1
        BANK2            0110-016F             60           1
        BANK3            0190-01EF             60           1
        CODE             0003-0003              1           2
                         002C-00FF             D4
                         0462-1FFF            800
        COMMON           007B-007D              3           1
        CONST            0003-0003              1           2
                         002C-00FF             D4
                         0462-1FFF            100
        EEDATA           2100-21FF            100           2
        ENTRY            0003-0003              1           2
                         002C-00FF             D4
                         0462-1FFF            100
        RAM              0036-006F             3A           1
                         00A0-00EF             50
                         0110-016F             60
                         0190-01EF             60
        SFR0             0000-001F             20           1
        SFR1             0080-009F             20           1
        SFR2             0100-010F             10           1
        SFR3             0180-018F             10           1
        STRCODE          0003-0003              1           2
                         002C-00FF             D4
                         0462-1FFF           1B9E
        STRING           0003-0003              1           2
                         002C-00FF             D4
                         0462-1FFF            100

                                  Symbol Table

?___lwdiv                cstackCOMMON 0073
?___lwmod                cstackCOMMON 0073
Print@word               cstackCOMMON 0073
_ADCON0bits              (abs)        001F
_ADCON1bits              (abs)        009F
_ADRESH                  (abs)        001E
_ANSEL                   (abs)        0188
_ANSELH                  (abs)        0189
_BAUDCTLbits             (abs)        0187
_INTCONbits              (abs)        000B
_OSCCONbits              (abs)        008F
_PIE1bits                (abs)        008C
_PIR1bits                (abs)        000C
_PORTB                   (abs)        0006
_Print                   text7        040D
_RCREG                   (abs)        001A
_RCSTAbits               (abs)        0018
_RX                      bssBANK0     0032
_SPBRG                   (abs)        0099
_SPBRGH                  (abs)        009A
_TRISB                   (abs)        0086
_TXIF                    (abs)        0064
_TXREG                   (abs)        0019
_TXSTAbits               (abs)        0098
__Habs1                  abs1         0000
__Hbank0                 bank0        0000
__Hbank1                 bank1        0000
__Hbank2                 bank2        0000
__Hbank3                 bank3        0000
__HbssBANK0              bssBANK0     0000
__Hcinit                 cinit        001A
__Hclrtext               clrtext      0000
__Hcode                  code         0000
__Hcommon                common       0000
__Hconfig                config       2009
__HcstackBANK0           cstackBANK0  0000
__HcstackCOMMON          cstackCOMMON 0000
__Heeprom_data           eeprom_data  0000
__Hend_init              end_init     000F
__Hfunctab               functab      0000
__Hidloc                 idloc        2004
__Hinit                  init         000C
__Hintentry              intentry     000C
__Hmaintext              maintext     0000
__Hpowerup               powerup      0000
__Hram                   ram          0000
__Hreset_vec             reset_vec    0003
__Hsfr0                  sfr0         0000
__Hsfr1                  sfr1         0000
__Hsfr2                  sfr2         0000
__Hsfr3                  sfr3         0000
__Hspace_0               (abs)        0462
__Hspace_1               (abs)        007B
__Hspace_2               (abs)        0000
__Hspace_3               (abs)        0000
__Hspace_4               (abs)        4010
__Hstack                 stack        0000
__Hstrings               strings      0000
__Hstringtext            stringtext   0000
__Htext                  text         0000
__Labs1                  abs1         0000
__Lbank0                 bank0        0000
__Lbank1                 bank1        0000
__Lbank2                 bank2        0000
__Lbank3                 bank3        0000
__LbssBANK0              bssBANK0     0000
__Lcinit                 cinit        000F
__Lclrtext               clrtext      0000
__Lcode                  code         0000
__Lcommon                common       0000
__Lconfig                config       0000
__LcstackBANK0           cstackBANK0  0000
__LcstackCOMMON          cstackCOMMON 0000
__Leeprom_data           eeprom_data  0000
__Lend_init              end_init     000C
__Lfunctab               functab      0000
__Lidloc                 idloc        0000
__Linit                  init         000C
__Lintentry              intentry     0004
__Lmaintext              maintext     0000
__Lpowerup               powerup      0000
__Lram                   ram          0000
__Lreset_vec             reset_vec    0000
__Lsfr0                  sfr0         0000
__Lsfr1                  sfr1         0000
__Lsfr2                  sfr2         0000
__Lsfr3                  sfr3         0000
__Lspace_0               (abs)        0000
__Lspace_1               (abs)        0000
__Lspace_2               (abs)        0000
__Lspace_3               (abs)        0000
__Lspace_4               (abs)        0000
__Lstack                 stack        0000
__Lstrings               strings      0000
__Lstringtext            stringtext   0000
__Ltext                  text         0000
__S0                     (abs)        0462
__S1                     (abs)        007B
__S3                     (abs)        0000
___int_sp                stack        0000
___latbits               (abs)        0002
___lwdiv                 text5        0326
___lwdiv@counter         cstackCOMMON 007A
___lwdiv@dividend        cstackCOMMON 0075
___lwdiv@divisor         cstackCOMMON 0073
___lwdiv@quotient        cstackCOMMON 0078
___lwmod                 text4        03AD
___lwmod@counter         cstackCOMMON 0078
___lwmod@dividend        cstackCOMMON 0075
___lwmod@divisor         cstackCOMMON 0073
___sp                    stack        0000
___stackhi               (abs)        0000
___stacklo               (abs)        0000
__end_of_Print           text7        0433
__end_of___lwdiv         text5        036A
__end_of___lwmod         text4        03E7
__end_of__initialization cinit        0016
__end_of__stringtab      strings      002C
__end_of_desplegar       text6        0462
__end_of_isr             text8        0456
__end_of_itoa            text2        040D
__end_of_main            maintext     02B4
__end_of_setup           text1        03AD
__end_of_utoa            text3        0326
__initialization         cinit        000F
__pbssBANK0              bssBANK0     0031
__pcstackBANK0           cstackBANK0  0020
__pcstackCOMMON          cstackCOMMON 0070
__pintentry              intentry     0004
__pmaintext              maintext     01F8
__pstrings               strings      001A
__pstringtext            stringtext   0100
__ptext1                 text1        036A
__ptext2                 text2        03E7
__ptext3                 text3        02B4
__ptext4                 text4        03AD
__ptext5                 text5        0326
__ptext6                 text6        0456
__ptext7                 text7        040D
__ptext8                 text8        0433
__stringbase             strings      002C
__stringtab              strings      001A
_desplegar               text6        0456
_flag                    bssBANK0     0034
_isr                     text8        0433
_itoa                    text2        03E7
_main                    maintext     01F8
_pot                     bssBANK0     0031
_pot_char                bssBANK0     0035
_selection               bssBANK0     0033
_setup                   text1        036A
_utoa                    text3        02B4
btemp                    (abs)        007E
desplegar@selection      cstackCOMMON 0073
end_of_initialization    cinit        0016
interrupt_function       intentry     0004
intlevel0                functab      0000
intlevel1                functab      0000
intlevel2                functab      0000
intlevel3                functab      0000
intlevel4                functab      0000
intlevel5                functab      0000
itoa@base                cstackBANK0  002B
itoa@buf                 cstackBANK0  002E
itoa@val                 cstackBANK0  0029
reset_vec                reset_vec    0000
saved_w                  (abs)        007E
start                    init         000C
start_initialization     cinit        000F
utoa@base                cstackBANK0  0022
utoa@buf                 cstackBANK0  0028
utoa@c                   cstackBANK0  0027
utoa@v                   cstackBANK0  0025
utoa@val                 cstackBANK0  0020
wtemp0                   (abs)        007E


MODULE INFORMATION

Module		Function		Class		Link	Load	Size
C:\Program Files\Microchip\xc8\v2.35\pic\sources\c90\common\lwdiv.c
		___lwdiv       		CODE           	0326	0000	68

C:\Program Files\Microchip\xc8\v2.35\pic\sources\c90\common\lwdiv.c estimated size: 68

C:\Program Files\Microchip\xc8\v2.35\pic\sources\c90\common\itoa.c
		_itoa          		CODE           	03E7	0000	38
		_utoa          		CODE           	02B4	0000	114

C:\Program Files\Microchip\xc8\v2.35\pic\sources\c90\common\itoa.c estimated size: 152

shared
		__stringtab    		STRING         	001A	0000	18
		__initialization		CODE           	000F	0000	7

shared estimated size: 25

postlab.c
		_desplegar     		CODE           	0456	0000	12
		_main          		CODE           	01F8	0000	188
		_Print         		CODE           	040D	0000	38
		_isr           		CODE           	0433	0000	35
		_setup         		CODE           	036A	0000	67

postlab.c estimated size: 340

C:\Program Files\Microchip\xc8\v2.35\pic\sources\c90\common\lwmod.c
		___lwmod       		CODE           	03AD	0000	58

C:\Program Files\Microchip\xc8\v2.35\pic\sources\c90\common\lwmod.c estimated size: 58

